<?xml version="1.0" encoding="utf-8"?><testsuites name="pytest tests"><testsuite name="pytest" errors="0" failures="0" skipped="0" tests="1" time="9.806" timestamp="2025-08-18T21:00:42.904025-04:00" hostname="kevin-MS-7C91"><testcase classname="tests.integration.test_monai_msd_loader" name="test_load_monai_decathlon_synthetic" time="0.154" /></testsuite></testsuites>